// Jest Snapshot v1, https://goo.gl/fbAQLP

exports[`Controls renders correctly 1`] = `
ShallowWrapper {
  "length": 1,
  Symbol(enzyme.__root__): [Circular],
  Symbol(enzyme.__unrendered__): <Controls
    clearArticles={[Function]}
    startPrinting={[Function]}
    stopPrinting={[Function]}
  />,
  Symbol(enzyme.__renderer__): Object {
    "batchedUpdates": [Function],
    "getNode": [Function],
    "render": [Function],
    "simulateEvent": [Function],
    "unmount": [Function],
  },
  Symbol(enzyme.__node__): Object {
    "instance": null,
    "key": undefined,
    "nodeType": "host",
    "props": Object {
      "children": Array [
        <button
          id="clear"
          onClick={[Function]}
        >
          Clear
        </button>,
        <button
          disabled={true}
          id="stop-printing"
          onClick={[Function]}
        >
          Stop
        </button>,
        <button
          disabled={undefined}
          id="start-printing"
          onClick={[Function]}
        >
          Start
        </button>,
      ],
    },
    "ref": null,
    "rendered": Array [
      Object {
        "instance": null,
        "key": undefined,
        "nodeType": "host",
        "props": Object {
          "children": "Clear",
          "id": "clear",
          "onClick": [Function],
        },
        "ref": null,
        "rendered": "Clear",
        "type": "button",
      },
      Object {
        "instance": null,
        "key": undefined,
        "nodeType": "host",
        "props": Object {
          "children": "Stop",
          "disabled": true,
          "id": "stop-printing",
          "onClick": [Function],
        },
        "ref": null,
        "rendered": "Stop",
        "type": "button",
      },
      Object {
        "instance": null,
        "key": undefined,
        "nodeType": "host",
        "props": Object {
          "children": "Start",
          "disabled": undefined,
          "id": "start-printing",
          "onClick": [Function],
        },
        "ref": null,
        "rendered": "Start",
        "type": "button",
      },
    ],
    "type": "div",
  },
  Symbol(enzyme.__nodes__): Array [
    Object {
      "instance": null,
      "key": undefined,
      "nodeType": "host",
      "props": Object {
        "children": Array [
          <button
            id="clear"
            onClick={[Function]}
          >
            Clear
          </button>,
          <button
            disabled={true}
            id="stop-printing"
            onClick={[Function]}
          >
            Stop
          </button>,
          <button
            disabled={undefined}
            id="start-printing"
            onClick={[Function]}
          >
            Start
          </button>,
        ],
      },
      "ref": null,
      "rendered": Array [
        Object {
          "instance": null,
          "key": undefined,
          "nodeType": "host",
          "props": Object {
            "children": "Clear",
            "id": "clear",
            "onClick": [Function],
          },
          "ref": null,
          "rendered": "Clear",
          "type": "button",
        },
        Object {
          "instance": null,
          "key": undefined,
          "nodeType": "host",
          "props": Object {
            "children": "Stop",
            "disabled": true,
            "id": "stop-printing",
            "onClick": [Function],
          },
          "ref": null,
          "rendered": "Stop",
          "type": "button",
        },
        Object {
          "instance": null,
          "key": undefined,
          "nodeType": "host",
          "props": Object {
            "children": "Start",
            "disabled": undefined,
            "id": "start-printing",
            "onClick": [Function],
          },
          "ref": null,
          "rendered": "Start",
          "type": "button",
        },
      ],
      "type": "div",
    },
  ],
  Symbol(enzyme.__options__): Object {
    "adapter": ReactSixteenAdapter {
      "options": Object {
        "enableComponentDidUpdateOnSetState": true,
      },
    },
    "disableLifecycleMethods": true,
  },
}
`;
